julio\br\dto\CelularVendaResponseDTO.class
julio\br\service\CelularServiceImpl.class
julio\br\service\VendaService.class
julio\br\model\CelularVenda.class
julio\br\model\Cliente.class
julio\br\service\FuncionarioServiceImpl.class
julio\br\repository\ClienteRepository.class
julio\br\service\CameraServiceImpl.class
julio\br\repository\SensorRepository.class
julio\br\service\TelaServiceImpl.class
julio\br\dto\LinhaResponseDTO.class
julio\br\validation\ValidationException.class
julio\br\resource\ClienteResource.class
julio\br\repository\ProcessadorRepository.class
julio\br\service\SensorService.class
julio\br\validation\ValidationError$FieldError.class
julio\br\service\JwtServiceImpl.class
julio\br\model\Linha.class
julio\br\model\Sensor.class
julio\br\form\ImagemForm.class
julio\br\service\FileService.class
julio\br\dto\TelaDTO.class
julio\br\service\FuncionarioService.class
julio\br\dto\AutorizacaoUsuarioDTO.class
julio\br\model\Funcionario.class
julio\br\dto\ClienteResponseDTO.class
julio\br\validation\ValidationError.class
julio\br\service\VendaServiceImpl.class
julio\br\util\Error.class
julio\br\resource\PortaSlotResource.class
julio\br\service\ProcessadorService.class
julio\br\model\PortaSlot.class
julio\br\repository\VendaRepository.class
julio\br\repository\TelaRepository.class
julio\br\dto\PortaSlotResponseDTO.class
julio\br\repository\LinhaRepository.class
julio\br\resource\SerieResource.class
julio\br\dto\SerieResponseDTO.class
julio\br\service\JwtService.class
julio\br\dto\CelularResponseDTO.class
julio\br\service\PortaSlotService.class
julio\br\model\Venda.class
julio\br\resource\VendaResource.class
julio\br\service\HashServiceImpl.class
julio\br\model\Processador.class
julio\br\dto\CameraDTO.class
julio\br\service\ProcessadorServiceImpl.class
julio\br\dto\CelularVendaDTO.class
julio\br\model\Celular.class
julio\br\repository\PortaSlotRepository.class
julio\br\dto\PortaSlotDTO.class
julio\br\service\PortaSlotServiceImpl.class
julio\br\repository\CelularVendaRepository.class
julio\br\resource\TelaResource.class
julio\br\service\TelaService.class
julio\br\repository\UsuarioRepository.class
julio\br\dto\VendaDTO.class
julio\br\dto\ProcessadorResponseDTO.class
julio\br\repository\SerieRepository.class
julio\br\model\Tela.class
julio\br\resource\CelularResource.class
julio\br\resource\FuncionarioResource.class
julio\br\validation\ValidationExceptionMapper.class
julio\br\validation\BeanValidationExceptionMapper.class
julio\br\dto\ProcessadorDTO.class
julio\br\service\ClienteService.class
julio\br\dto\ClienteDTO.class
julio\br\service\ClienteServiceImpl.class
julio\br\resource\AutorizacaoResource.class
julio\br\resource\SensorResource.class
julio\br\service\HashService.class
julio\br\dto\TelaResponseDTO.class
julio\br\service\SerieService.class
julio\br\service\LinhaService.class
julio\br\dto\CameraResponseDTO.class
julio\br\service\SerieServiceImpl.class
julio\br\dto\SerieDTO.class
julio\br\repository\FuncionarioRepository.class
julio\br\dto\UsuarioResponseDTO.class
julio\br\service\SensorServiceImpl.class
julio\br\service\CelularService.class
julio\br\resource\ProcessadorResource.class
julio\br\service\LinhaServiceImpl.class
julio\br\service\CameraService.class
julio\br\dto\SensorResponseDTO.class
julio\br\model\Usuario.class
julio\br\repository\CelularRepository.class
julio\br\resource\CameraResource.class
julio\br\dto\SensorDTO.class
julio\br\dto\LinhaDTO.class
julio\br\repository\CameraRepository.class
julio\br\model\FormaPagamento.class
julio\br\dto\CelularDTO.class
julio\br\model\Camera.class
julio\br\model\Serie.class
julio\br\model\DefaultEntity.class
julio\br\dto\FuncionarioDTO.class
julio\br\dto\FuncionarioResponseDTO.class
julio\br\dto\VendaResponseDTO.class
julio\br\resource\LinhaResponse.class
